wandb: Currently logged in as: lixingyou8470 (leolixingyou) to https://api.wandb.ai. Use `wandb login --relogin` to force relogin
wandb: Tracking run with wandb version 0.21.0
wandb: Run data is saved locally in /workspace/YOLOPX/v2/wandb/run-20250731_120455-sug0t46v
wandb: Run `wandb offline` to turn off syncing.
wandb: Syncing run yolopx_v2_anchor_free_20250731_120454
wandb: ⭐️ View project at https://wandb.ai/leolixingyou/yolop-conflict-analysis
wandb: 🚀 View run at https://wandb.ai/leolixingyou/yolop-conflict-analysis/runs/sug0t46v
Traceback (most recent call last):
  File "/workspace/YOLOPX/v2/run_conflict_comparison_experiment.py", line 402, in main
    result = runner.run_single_experiment(
  File "/workspace/YOLOPX/v2/run_conflict_comparison_experiment.py", line 168, in run_single_experiment
    train_loader = DataLoader(
  File "/usr/local/lib/python3.8/dist-packages/torch/utils/data/dataloader.py", line 344, in __init__
    sampler = RandomSampler(dataset, generator=generator)  # type: ignore[arg-type]
  File "/usr/local/lib/python3.8/dist-packages/torch/utils/data/sampler.py", line 107, in __init__
    raise ValueError("num_samples should be a positive integer "
ValueError: num_samples should be a positive integer value, but got num_samples=0

============================================================
开始实验: yolopx_v2_anchor_free
运行名称: yolopx_v2_anchor_free_20250731_120454
============================================================
实验 yolopx_v2_anchor_free 失败: num_samples should be a positive integer value, but got num_samples=0

============================================================
所有实验完成!
总共完成 0 个实验
============================================================
[1;34mwandb[0m: 
[1;34mwandb[0m: 🚀 View run [33myolopx_v2_anchor_free_20250731_120454[0m at: [34mhttps://wandb.ai/leolixingyou/yolop-conflict-analysis/runs/sug0t46v[0m
[1;34mwandb[0m: Find logs at: [1;35mwandb/run-20250731_120455-sug0t46v/logs[0m
